BST ascending_ascending     N=1000 repeat=1 total=0.001720s
AVL ascending_ascending     N=1000 repeat=1 total=0.000111s
Splay ascending_ascending     N=1000 repeat=1 total=0.000086s
RedBlack ascending_ascending     N=1000 repeat=1 total=0.000203s
BPlus ascending_ascending     N=1000 repeat=1 total=0.000089s
AVL ascending_ascending     N=1000 repeat=2 total=0.000100s
Splay ascending_ascending     N=1000 repeat=2 total=0.000069s
RedBlack ascending_ascending     N=1000 repeat=2 total=0.000205s
BPlus ascending_ascending     N=1000 repeat=2 total=0.000087s
BST ascending_ascending     N=1000 repeat=2 total=0.001485s
Splay ascending_ascending     N=1000 repeat=3 total=0.000076s
RedBlack ascending_ascending     N=1000 repeat=3 total=0.000438s
BPlus ascending_ascending     N=1000 repeat=3 total=0.000085s
BST ascending_ascending     N=1000 repeat=3 total=0.001462s
AVL ascending_ascending     N=1000 repeat=3 total=0.000110s
BST ascending_descending    N=1000 repeat=1 total=0.003091s
AVL ascending_descending    N=1000 repeat=1 total=0.000078s
Splay ascending_descending    N=1000 repeat=1 total=0.000047s
RedBlack ascending_descending    N=1000 repeat=1 total=0.000171s
BPlus ascending_descending    N=1000 repeat=1 total=0.000089s
AVL ascending_descending    N=1000 repeat=2 total=0.000097s
Splay ascending_descending    N=1000 repeat=2 total=0.000071s
RedBlack ascending_descending    N=1000 repeat=2 total=0.000192s
BPlus ascending_descending    N=1000 repeat=2 total=0.000094s
BST ascending_descending    N=1000 repeat=2 total=0.003003s
Splay ascending_descending    N=1000 repeat=3 total=0.000073s
RedBlack ascending_descending    N=1000 repeat=3 total=0.000195s
BPlus ascending_descending    N=1000 repeat=3 total=0.000092s
BST ascending_descending    N=1000 repeat=3 total=0.003251s
AVL ascending_descending    N=1000 repeat=3 total=0.000103s
BST random_random           N=1000 repeat=1 total=0.000165s
AVL random_random           N=1000 repeat=1 total=0.000198s
Splay random_random           N=1000 repeat=1 total=0.000209s
RedBlack random_random           N=1000 repeat=1 total=0.000247s
BPlus random_random           N=1000 repeat=1 total=0.000117s
AVL random_random           N=1000 repeat=2 total=0.000169s
Splay random_random           N=1000 repeat=2 total=0.000196s
RedBlack random_random           N=1000 repeat=2 total=0.000341s
BPlus random_random           N=1000 repeat=2 total=0.000109s
BST random_random           N=1000 repeat=2 total=0.000130s
Splay random_random           N=1000 repeat=3 total=0.000213s
RedBlack random_random           N=1000 repeat=3 total=0.000248s
BPlus random_random           N=1000 repeat=3 total=0.000100s
BST random_random           N=1000 repeat=3 total=0.000132s
AVL random_random           N=1000 repeat=3 total=0.000174s
BST ascending_ascending     N=3000 repeat=1 total=0.015187s
AVL ascending_ascending     N=3000 repeat=1 total=0.000317s
Splay ascending_ascending     N=3000 repeat=1 total=0.000215s
RedBlack ascending_ascending     N=3000 repeat=1 total=0.000654s
BPlus ascending_ascending     N=3000 repeat=1 total=0.000313s
AVL ascending_ascending     N=3000 repeat=2 total=0.000329s
Splay ascending_ascending     N=3000 repeat=2 total=0.000235s
RedBlack ascending_ascending     N=3000 repeat=2 total=0.000668s
BPlus ascending_ascending     N=3000 repeat=2 total=0.000307s
BST ascending_ascending     N=3000 repeat=2 total=0.014632s
Splay ascending_ascending     N=3000 repeat=3 total=0.000222s
RedBlack ascending_ascending     N=3000 repeat=3 total=0.000658s
BPlus ascending_ascending     N=3000 repeat=3 total=0.000522s
BST ascending_ascending     N=3000 repeat=3 total=0.015069s
AVL ascending_ascending     N=3000 repeat=3 total=0.000328s
BST ascending_descending    N=3000 repeat=1 total=0.029271s
AVL ascending_descending    N=3000 repeat=1 total=0.000320s
Splay ascending_descending    N=3000 repeat=1 total=0.000217s
RedBlack ascending_descending    N=3000 repeat=1 total=0.000649s
BPlus ascending_descending    N=3000 repeat=1 total=0.000336s
AVL ascending_descending    N=3000 repeat=2 total=0.000310s
Splay ascending_descending    N=3000 repeat=2 total=0.000419s
RedBlack ascending_descending    N=3000 repeat=2 total=0.000644s
BPlus ascending_descending    N=3000 repeat=2 total=0.000508s
BST ascending_descending    N=3000 repeat=2 total=0.029051s
Splay ascending_descending    N=3000 repeat=3 total=0.000220s
RedBlack ascending_descending    N=3000 repeat=3 total=0.000645s
BPlus ascending_descending    N=3000 repeat=3 total=0.000321s
BST ascending_descending    N=3000 repeat=3 total=0.029341s
AVL ascending_descending    N=3000 repeat=3 total=0.000542s
BST random_random           N=3000 repeat=1 total=0.000460s
AVL random_random           N=3000 repeat=1 total=0.000839s
Splay random_random           N=3000 repeat=1 total=0.000902s
RedBlack random_random           N=3000 repeat=1 total=0.002098s
BPlus random_random           N=3000 repeat=1 total=0.000475s
AVL random_random           N=3000 repeat=2 total=0.001381s
Splay random_random           N=3000 repeat=2 total=0.001213s
RedBlack random_random           N=3000 repeat=2 total=0.000952s
BPlus random_random           N=3000 repeat=2 total=0.000396s
BST random_random           N=3000 repeat=2 total=0.000577s
Splay random_random           N=3000 repeat=3 total=0.000917s
RedBlack random_random           N=3000 repeat=3 total=0.000882s
BPlus random_random           N=3000 repeat=3 total=0.000402s
BST random_random           N=3000 repeat=3 total=0.000462s
AVL random_random           N=3000 repeat=3 total=0.000610s
BST ascending_ascending     N=10000 repeat=1 total=0.161266s
AVL ascending_ascending     N=10000 repeat=1 total=0.001172s
Splay ascending_ascending     N=10000 repeat=1 total=0.000741s
RedBlack ascending_ascending     N=10000 repeat=1 total=0.002523s
BPlus ascending_ascending     N=10000 repeat=1 total=0.001208s
AVL ascending_ascending     N=10000 repeat=2 total=0.001188s
Splay ascending_ascending     N=10000 repeat=2 total=0.000748s
RedBlack ascending_ascending     N=10000 repeat=2 total=0.002500s
BPlus ascending_ascending     N=10000 repeat=2 total=0.001114s
BST ascending_ascending     N=10000 repeat=2 total=0.162361s
Splay ascending_ascending     N=10000 repeat=3 total=0.000736s
RedBlack ascending_ascending     N=10000 repeat=3 total=0.002729s
BPlus ascending_ascending     N=10000 repeat=3 total=0.001097s
BST ascending_ascending     N=10000 repeat=3 total=0.154493s
AVL ascending_ascending     N=10000 repeat=3 total=0.001161s
BST ascending_descending    N=10000 repeat=1 total=0.303979s
AVL ascending_descending    N=10000 repeat=1 total=0.001246s
Splay ascending_descending    N=10000 repeat=1 total=0.000752s
RedBlack ascending_descending    N=10000 repeat=1 total=0.002890s
BPlus ascending_descending    N=10000 repeat=1 total=0.001219s
AVL ascending_descending    N=10000 repeat=2 total=0.001145s
Splay ascending_descending    N=10000 repeat=2 total=0.000804s
RedBlack ascending_descending    N=10000 repeat=2 total=0.002443s
BPlus ascending_descending    N=10000 repeat=2 total=0.001205s
BST ascending_descending    N=10000 repeat=2 total=0.327664s
Splay ascending_descending    N=10000 repeat=3 total=0.001017s
RedBlack ascending_descending    N=10000 repeat=3 total=0.002759s
BPlus ascending_descending    N=10000 repeat=3 total=0.001280s
BST ascending_descending    N=10000 repeat=3 total=0.326187s
AVL ascending_descending    N=10000 repeat=3 total=0.001211s
BST random_random           N=10000 repeat=1 total=0.002108s
AVL random_random           N=10000 repeat=1 total=0.002397s
Splay random_random           N=10000 repeat=1 total=0.003074s
RedBlack random_random           N=10000 repeat=1 total=0.004552s
BPlus random_random           N=10000 repeat=1 total=0.001524s
AVL random_random           N=10000 repeat=2 total=0.002666s
Splay random_random           N=10000 repeat=2 total=0.003482s
RedBlack random_random           N=10000 repeat=2 total=0.004287s
BPlus random_random           N=10000 repeat=2 total=0.001781s
BST random_random           N=10000 repeat=2 total=0.001816s
Splay random_random           N=10000 repeat=3 total=0.002925s
RedBlack random_random           N=10000 repeat=3 total=0.003634s
BPlus random_random           N=10000 repeat=3 total=0.001534s
BST random_random           N=10000 repeat=3 total=0.001933s
AVL random_random           N=10000 repeat=3 total=0.002532s
BST ascending_ascending     N=30000 repeat=1 total=1.599592s
AVL ascending_ascending     N=30000 repeat=1 total=0.003831s
Splay ascending_ascending     N=30000 repeat=1 total=0.002464s
RedBlack ascending_ascending     N=30000 repeat=1 total=0.008069s
BPlus ascending_ascending     N=30000 repeat=1 total=0.003430s
AVL ascending_ascending     N=30000 repeat=2 total=0.003714s
Splay ascending_ascending     N=30000 repeat=2 total=0.002332s
RedBlack ascending_ascending     N=30000 repeat=2 total=0.008090s
BPlus ascending_ascending     N=30000 repeat=2 total=0.003416s
BST ascending_ascending     N=30000 repeat=2 total=1.657576s
Splay ascending_ascending     N=30000 repeat=3 total=0.002379s
RedBlack ascending_ascending     N=30000 repeat=3 total=0.007965s
BPlus ascending_ascending     N=30000 repeat=3 total=0.003392s
BST ascending_ascending     N=30000 repeat=3 total=1.620295s
AVL ascending_ascending     N=30000 repeat=3 total=0.003629s
BST ascending_descending    N=30000 repeat=1 total=3.222017s
AVL ascending_descending    N=30000 repeat=1 total=0.003875s
Splay ascending_descending    N=30000 repeat=1 total=0.002453s
RedBlack ascending_descending    N=30000 repeat=1 total=0.008912s
BPlus ascending_descending    N=30000 repeat=1 total=0.003941s
AVL ascending_descending    N=30000 repeat=2 total=0.003567s
Splay ascending_descending    N=30000 repeat=2 total=0.002469s
RedBlack ascending_descending    N=30000 repeat=2 total=0.008307s
BPlus ascending_descending    N=30000 repeat=2 total=0.004232s
BST ascending_descending    N=30000 repeat=2 total=3.265314s
Splay ascending_descending    N=30000 repeat=3 total=0.002321s
RedBlack ascending_descending    N=30000 repeat=3 total=0.008168s
BPlus ascending_descending    N=30000 repeat=3 total=0.003831s
BST ascending_descending    N=30000 repeat=3 total=3.244750s
AVL ascending_descending    N=30000 repeat=3 total=0.003836s
BST random_random           N=30000 repeat=1 total=0.007790s
AVL random_random           N=30000 repeat=1 total=0.009455s
Splay random_random           N=30000 repeat=1 total=0.011970s
RedBlack random_random           N=30000 repeat=1 total=0.014156s
BPlus random_random           N=30000 repeat=1 total=0.005501s
AVL random_random           N=30000 repeat=2 total=0.009562s
Splay random_random           N=30000 repeat=2 total=0.011706s
RedBlack random_random           N=30000 repeat=2 total=0.013123s
BPlus random_random           N=30000 repeat=2 total=0.005110s
BST random_random           N=30000 repeat=2 total=0.006799s
Splay random_random           N=30000 repeat=3 total=0.010827s
RedBlack random_random           N=30000 repeat=3 total=0.013400s
BPlus random_random           N=30000 repeat=3 total=0.005180s
BST random_random           N=30000 repeat=3 total=0.007011s
AVL random_random           N=30000 repeat=3 total=0.008868s
BST ascending_ascending     N=100000 repeat=1 total=21.028384s
AVL ascending_ascending     N=100000 repeat=1 total=0.014232s
Splay ascending_ascending     N=100000 repeat=1 total=0.009291s
RedBlack ascending_ascending     N=100000 repeat=1 total=0.031349s
BPlus ascending_ascending     N=100000 repeat=1 total=0.013010s
AVL ascending_ascending     N=100000 repeat=2 total=0.013407s
Splay ascending_ascending     N=100000 repeat=2 total=0.007866s
RedBlack ascending_ascending     N=100000 repeat=2 total=0.031148s
BPlus ascending_ascending     N=100000 repeat=2 total=0.012480s
BST ascending_ascending     N=100000 repeat=2 total=21.302293s
Splay ascending_ascending     N=100000 repeat=3 total=0.008823s
RedBlack ascending_ascending     N=100000 repeat=3 total=0.030942s
BPlus ascending_ascending     N=100000 repeat=3 total=0.012836s
BST ascending_ascending     N=100000 repeat=3 total=21.588096s
AVL ascending_ascending     N=100000 repeat=3 total=0.014148s
BST ascending_descending    N=100000 repeat=1 total=42.447544s
AVL ascending_descending    N=100000 repeat=1 total=0.014547s
Splay ascending_descending    N=100000 repeat=1 total=0.007977s
RedBlack ascending_descending    N=100000 repeat=1 total=0.030946s
BPlus ascending_descending    N=100000 repeat=1 total=0.013843s
AVL ascending_descending    N=100000 repeat=2 total=0.013632s
Splay ascending_descending    N=100000 repeat=2 total=0.007805s
RedBlack ascending_descending    N=100000 repeat=2 total=0.028364s
BPlus ascending_descending    N=100000 repeat=2 total=0.013721s
BST ascending_descending    N=100000 repeat=2 total=41.889577s
Splay ascending_descending    N=100000 repeat=3 total=0.007777s
RedBlack ascending_descending    N=100000 repeat=3 total=0.028088s
BPlus ascending_descending    N=100000 repeat=3 total=0.013718s
BST ascending_descending    N=100000 repeat=3 total=41.244775s
AVL ascending_descending    N=100000 repeat=3 total=0.017011s
BST random_random           N=100000 repeat=1 total=0.034205s
AVL random_random           N=100000 repeat=1 total=0.041502s
Splay random_random           N=100000 repeat=1 total=0.047646s
RedBlack random_random           N=100000 repeat=1 total=0.056702s
BPlus random_random           N=100000 repeat=1 total=0.020264s
AVL random_random           N=100000 repeat=2 total=0.039696s
Splay random_random           N=100000 repeat=2 total=0.048528s
RedBlack random_random           N=100000 repeat=2 total=0.058182s
BPlus random_random           N=100000 repeat=2 total=0.020056s
BST random_random           N=100000 repeat=2 total=0.031722s
Splay random_random           N=100000 repeat=3 total=0.045839s
RedBlack random_random           N=100000 repeat=3 total=0.056413s
BPlus random_random           N=100000 repeat=3 total=0.019924s
BST random_random           N=100000 repeat=3 total=0.030290s
AVL random_random           N=100000 repeat=3 total=0.039469s
